Fatal error: exception Failure("The identifier failFunction is not defined")