Fatal error: exception Failure("Calling of overloaded function printout doesn't match existing signatures.")