Fatal error: exception Failure("illegal List literal int expected in [1, "two"]")