Fatal error: exception Failure("The function return type mismatch.")