Fatal error: exception Failure("illegal if expression boolean int  string in if true 1 else "two"")