Fatal error: exception Failure("Arguments-Parameters MisMatch")