Fatal error: exception Failure("Non-constant expression or nested complex type literal found in a tuple literal")