Fatal error: exception Failure("Illegal assignment of int and string")