illegal if expression boolean string  int in if true "twelve" else 12