Fatal error: exception Failure("Overloaded function foo with same signature declared twice")