(0, 10), (1, 20), (2, 30), (3, 40), (0, 3.140000), (1, 6.280000), (2, 2419.948000), (3, 84.000011), (4, 0.000000), (0, Sphinx), (1, of), (2, black), (3, quartz), (4, judge), (5, my), (6, vow), (0, 1), (1, 0), (2, 1), (3, 1), 