manish
danielle
conor
manish
danielle
sinan
manish
danielle
sinan
conor
