hari
krishna
ramayan
rooney
tevez
beckham
adebayor
