adebayor
beckham
hari
krishna
ramayan
rooney
tevez
