[2, 4, 6][1.100000, 2.200000][false, false, false][dddd, eeeee]