1, "a", 1.0, true
2, "b", 2.0, true
3, "c", 3.0, false
