[false, true, false, true, false][no, no, yes, yes, yes][1.000000, 1.000000, 2.000000, 1.000000, 2.000000][3, 2, 5, 4, 2]