[1, 2, 3, 4, 5][1.100000, 2.200000, 3.300000, 4.400000, 5.500000][true, false]