[1, 2, -3, 3, 5, 0, 0][-1.400000, 261.446400, 3.500000, 948.770000][true, false, false, true](1, -62, 14661, false, true, -1870.160000)